[dotenv@17.3.1] injecting env (0) from .env -- tip: ΓÜÖ∩╕Å  suppress all logs with { quiet: true }

≡ƒôè Coverage Parser Tests
  Γ£à  Returns overall_percentage as a number
  Γ£à  Coverage is between 0 and 100
  Γ£à  Detects files below 70% threshold
  Γ£à  Returns uncovered_functions array
  Γ£à  Returns error for missing file

≡ƒ¢í∩╕Å  Security Parser Tests
  Γ£à  Returns summary with severity buckets
  Γ£à  Detects hotspots array
  Γ£à  Maps SARIF "error" level to high severity
  Γ£à  Returns error for missing file

ΓÜí Risk Scorer Tests
  Γ£à  project_health is between 0 and 100
  Γ£à  100% coverage and no vulns gives health 100
  Γ£à  0% coverage gives maximum coverage risk
  Γ£à  Generates recommendations for low coverage

≡ƒÆí Suggestion Engine Tests
  Γ¥î  Returns suggestions for validate function
       Expected 1 suggestion group
  Γ¥î  Returns suggestions for login function
       Cannot read properties of undefined (reading 'suggested_tests')
  Γ¥î  Returns generic tests for unknown function
       Cannot read properties of undefined (reading 'suggested_tests')
  Γ¥î  Returns empty array for empty input
       Expected empty array

ΓöÇΓöÇΓöÇΓöÇΓöÇΓöÇΓöÇΓöÇΓöÇΓöÇΓöÇΓöÇΓöÇΓöÇΓöÇΓöÇΓöÇΓöÇΓöÇΓöÇΓöÇΓöÇΓöÇΓöÇΓöÇΓöÇΓöÇΓöÇΓöÇΓöÇΓöÇΓöÇΓöÇΓöÇΓöÇΓöÇΓöÇΓöÇΓöÇΓöÇΓöÇΓöÇΓöÇΓöÇΓöÇΓöÇΓöÇΓöÇΓöÇΓöÇ
  Tests: 17 | Γ£à Passed: 13 | Γ¥î Failed: 4
ΓöÇΓöÇΓöÇΓöÇΓöÇΓöÇΓöÇΓöÇΓöÇΓöÇΓöÇΓöÇΓöÇΓöÇΓöÇΓöÇΓöÇΓöÇΓöÇΓöÇΓöÇΓöÇΓöÇΓöÇΓöÇΓöÇΓöÇΓöÇΓöÇΓöÇΓöÇΓöÇΓöÇΓöÇΓöÇΓöÇΓöÇΓöÇΓöÇΓöÇΓöÇΓöÇΓöÇΓöÇΓöÇΓöÇΓöÇΓöÇΓöÇΓöÇ

